c_int/c_long/c_uint/c_ulong (non-FFI)	0
[*:0] C-string types (non-FFI)	231
extern fn declarations	7
extern var declarations	0
@intFromPtr / @ptrFromInt (non-FFI)	50
printf-family calls (non-FFI)	361
setjmp/longjmp/jmp_buf mentions	6
clib./c. call sites (non-FFI)	0
callconv(.c) usage	1
sentinel == NIL / != NIL (non-FFI)	320
fork()/wait() call sites (non-FFI)	5
module-scope mutable globals (non-FFI)	7
ambient singleton-accessor call sites	679
current_interp references	56
files > 1000 lines	0
@import cycles	1
unallowed §4.1 layer violations	0
